###################################################################
Time : 2026-01-08T17:48:22
###################################################################
+-----------------+-----------------+
| iEDA            | V23.03-OS-01    |
+-----------------+-----------------+
| Stage           | iPL - Placement |
| Runtime         | 0.000000 s      |
| Memmory         | 0.000000 MB     |
|                 |                 |
| Design Name     | gcd             |
| DEF&LEF Version | 5.8             |
| DBU             | 1000            |
+-----------------+-----------------+

###################################################################
Summary
+------------------------+-------------------------------------+
| Module                 | Value                               |
+------------------------+-------------------------------------+
| DIE Area ( um^2 )      | 4155.220521 = 64.461000 * 64.461000 |
| DIE Usage              | 0.194454                            |
| CORE Area ( um^2 )     | 1926.960000 = 44.400000 * 43.400000 |
| CORE Usage             | 0.419313                            |
|                        |                                     |
| Number - Site          | 3                                   |
| Number - Row           | 31                                  |
| Number - Track         | 14                                  |
| Number - Layer         | 20                                  |
| Number - Routing Layer | 7                                   |
| Number - Cut Layer     | 7                                   |
| Number - GCell Grid    | 6                                   |
| Number - Cell Master   | 1570                                |
| Number - Via Rule      | 45                                  |
|                        |                                     |
| Number - IO Pin        | 58                                  |
| Number - Instance      | 623                                 |
| Number - Blockage      | 0                                   |
| Number - Filler        | 0                                   |
| Number - Net           | 365                                 |
| Number - Special Net   | 4                                   |
+------------------------+-------------------------------------+

Summary - Instance
+---------------+--------+--------------+--------+------------+
| Type          | Number | Number Ratio | Area   | Area Ratio |
+---------------+--------+--------------+--------+------------+
| All Instances | 623    | 1            | 972.72 | 1          |
|               |        |              |        |            |
| Netlist       | 329    | 0.52809      | 808.08 | 0.830743   |
| Physical      | 294    | 0.47191      | 164.64 | 0.169257   |
| Timing        | 0      | 0            | 0      | 0          |
|               |        |              |        |            |
| Core          | 623    | 1            | 972.72 | 1          |
| Core - logic  | 329    | 0.52809      | 808.08 | 0.830743   |
| Pad           | 0      | 0            | 0      | 0          |
| Block         | 0      | 0            | 0      | 0          |
| Endcap        | 0      | 0            | 0      | 0          |
| Cover         | 0      | 0            | 0      | 0          |
| Ring          | 0      | 0            | 0      | 0          |
+---------------+--------+--------------+--------+------------+

Summary - Net
+----------------+--------+--------------+--------+--------------+
| Net Type       | Number | Number Ratio | Length | Length Ratio |
+----------------+--------+--------------+--------+--------------+
| All Nets       | 365    | 1            | 0      | 0            |
| Signal         | 362    | 0.991781     | 0      | 0            |
| Clock          | 3      | 0.00821918   | 0      | 0            |
| Power & Ground | 0      | 0            | 0      | 0            |
+----------------+--------+--------------+--------+--------------+

Summary - Layer
+---------+-------------------+-------------------------+-------------------+------------------+--------------------+---------------------------+---------------------------+--------------------------+
| Layer   | Net - Wire Length | Net - Wire Length Ratio | Net - Wire Number | Net - Via Number | Net - Patch Number | Special Net - Wire Length | Special Net - Wire Number | Special Net - Via Number |
+---------+-------------------+-------------------------+-------------------+------------------+--------------------+---------------------------+---------------------------+--------------------------+
| OVERLAP | 0                 | -nan                    | 0                 | 0                | 0                  | 0                         | 0                         | 0                        |
| ACT     | 0                 | -nan                    | 0                 | 0                | 0                  | 0                         | 0                         | 0                        |
| NP      | 0                 | -nan                    | 0                 | 0                | 0                  | 0                         | 0                         | 0                        |
| PP      | 0                 | -nan                    | 0                 | 0                | 0                  | 0                         | 0                         | 0                        |
| NW1     | 0                 | -nan                    | 0                 | 0                | 0                  | 0                         | 0                         | 0                        |
| POLY    | 0                 | -nan                    | 0                 | 0                | 0                  | 0                         | 0                         | 0                        |
| CT      | 0                 | -nan                    | 0                 | 0                | 0                  | 0                         | 0                         | 0                        |
| MET1    | 0                 | -nan                    | 0                 | 0                | 0                  | 0                         | 0                         | 0                        |
| VIA1    | 0                 | -nan                    | 0                 | 0                | 0                  | 0                         | 0                         | 0                        |
| MET2    | 0                 | -nan                    | 0                 | 0                | 0                  | 0                         | 0                         | 0                        |
| VIA2    | 0                 | -nan                    | 0                 | 0                | 0                  | 0                         | 0                         | 0                        |
| MET3    | 0                 | -nan                    | 0                 | 0                | 0                  | 0                         | 0                         | 0                        |
| VIA3    | 0                 | -nan                    | 0                 | 0                | 0                  | 0                         | 0                         | 0                        |
| MET4    | 0                 | -nan                    | 0                 | 0                | 0                  | 260400                    | 6                         | 0                        |
| VIA4    | 0                 | -nan                    | 0                 | 0                | 0                  | 0                         | 0                         | 18                       |
| MET5    | 0                 | -nan                    | 0                 | 0                | 0                  | 266400                    | 6                         | 0                        |
| T4V2    | 0                 | -nan                    | 0                 | 0                | 0                  | 0                         | 0                         | 0                        |
| T4M2    | 0                 | -nan                    | 0                 | 0                | 0                  | 0                         | 0                         | 0                        |
| RV      | 0                 | -nan                    | 0                 | 0                | 0                  | 0                         | 0                         | 0                        |
| RDL     | 0                 | -nan                    | 0                 | 0                | 0                  | 0                         | 0                         | 0                        |
+---------+-------------------+-------------------------+-------------------+------------------+--------------------+---------------------------+---------------------------+--------------------------+

Summary - Pin Distribution
+------------+------------+-----------+-----------------+----------------+
| Pin Number | Net Number | Net Ratio | Instance Number | Instance Ratio |
+------------+------------+-----------+-----------------+----------------+
| 0          | 0          | 0.000000  | 294             | 0.471910       |
| 1          | 0          | 0.000000  | 0               | 0.000000       |
| 2          | 216        | 0.591781  | 34              | 0.054575       |
| 3          | 53         | 0.145205  | 134             | 0.215088       |
| 4          | 20         | 0.054795  | 82              | 0.131621       |
| 5          | 22         | 0.060274  | 76              | 0.121990       |
| 6          | 17         | 0.046575  | 3               | 0.004815       |
| 7          | 12         | 0.032877  | 0               | 0.000000       |
| 8          | 10         | 0.027397  | 0               | 0.000000       |
| 9          | 2          | 0.005479  | 0               | 0.000000       |
| 10         | 2          | 0.005479  | 0               | 0.000000       |
| 11         | 6          | 0.016438  | 0               | 0.000000       |
| 12         | 0          | 0.000000  | 0               | 0.000000       |
| 13         | 0          | 0.000000  | 0               | 0.000000       |
| 14         | 0          | 0.000000  | 0               | 0.000000       |
| 15         | 0          | 0.000000  | 0               | 0.000000       |
| 16         | 0          | 0.000000  | 0               | 0.000000       |
| 17         | 1          | 0.002740  | 0               | 0.000000       |
| 18         | 0          | 0.000000  | 0               | 0.000000       |
| 19         | 1          | 0.002740  | 0               | 0.000000       |
| 20         | 0          | 0.000000  | 0               | 0.000000       |
| 21         | 3          | 0.008219  | 0               | 0.000000       |
| 22         | 0          | 0.000000  | 0               | 0.000000       |
| 23         | 0          | 0.000000  | 0               | 0.000000       |
| 24         | 0          | 0.000000  | 0               | 0.000000       |
| 25         | 0          | 0.000000  | 0               | 0.000000       |
| 26         | 0          | 0.000000  | 0               | 0.000000       |
| 27         | 0          | 0.000000  | 0               | 0.000000       |
| 28         | 0          | 0.000000  | 0               | 0.000000       |
| 29         | 0          | 0.000000  | 0               | 0.000000       |
| 30         | 0          | 0.000000  | 0               | 0.000000       |
| 31         | 0          | 0.000000  | 0               | 0.000000       |
| 32         | 0          | 0.000000  | 0               | 0.000000       |
| >= 32      | 0          | 0.000000  | 0               | 0.000000       |
+------------+------------+-----------+-----------------+----------------+

