###################################################################
Time : 2026-01-08T17:48:57
###################################################################
+-----------------+--------------+
| iEDA            | V23.03-OS-01 |
+-----------------+--------------+
| Stage           | iPL - Filler |
| Runtime         | 1.496569 s   |
| Memmory         | 15.952000 MB |
|                 |              |
| Design Name     | gcd          |
| DEF&LEF Version | 5.8          |
| DBU             | 1000         |
+-----------------+--------------+

###################################################################
Summary
+------------------------+-------------------------------------+
| Module                 | Value                               |
+------------------------+-------------------------------------+
| DIE Area ( um^2 )      | 4155.220521 = 64.461000 * 64.461000 |
| DIE Usage              | 0.425970                            |
| CORE Area ( um^2 )     | 1926.960000 = 44.400000 * 43.400000 |
| CORE Usage             | 0.918545                            |
|                        |                                     |
| Number - Site          | 3                                   |
| Number - Row           | 31                                  |
| Number - Track         | 14                                  |
| Number - Layer         | 20                                  |
| Number - Routing Layer | 7                                   |
| Number - Cut Layer     | 7                                   |
| Number - GCell Grid    | 6                                   |
| Number - Cell Master   | 1570                                |
| Number - Via Rule      | 45                                  |
|                        |                                     |
| Number - IO Pin        | 58                                  |
| Number - Instance      | 994                                 |
| Number - Blockage      | 0                                   |
| Number - Filler        | 0                                   |
| Number - Net           | 365                                 |
| Number - Special Net   | 4                                   |
+------------------------+-------------------------------------+

Summary - Instance
+---------------+--------+--------------+---------+------------+
| Type          | Number | Number Ratio | Area    | Area Ratio |
+---------------+--------+--------------+---------+------------+
| All Instances | 994    | 1            | 1935.36 | 1          |
|               |        |              |         |            |
| Netlist       | 700    | 0.704225     | 1770.72 | 0.914931   |
| Physical      | 294    | 0.295775     | 164.64  | 0.0850694  |
| Timing        | 0      | 0            | 0       | 0          |
|               |        |              |         |            |
| Core          | 994    | 1            | 1935.36 | 1          |
| Core - logic  | 329    | 0.330986     | 808.08  | 0.417535   |
| Pad           | 0      | 0            | 0       | 0          |
| Block         | 0      | 0            | 0       | 0          |
| Endcap        | 0      | 0            | 0       | 0          |
| Cover         | 0      | 0            | 0       | 0          |
| Ring          | 0      | 0            | 0       | 0          |
+---------------+--------+--------------+---------+------------+

Summary - Net
+----------------+--------+--------------+---------+--------------+
| Net Type       | Number | Number Ratio | Length  | Length Ratio |
+----------------+--------+--------------+---------+--------------+
| All Nets       | 365    | 1            | 5028272 | 1            |
| Signal         | 362    | 0.991781     | 4802233 | 0.955046     |
| Clock          | 3      | 0.00821918   | 226039  | 0.0449536    |
| Power & Ground | 0      | 0            | 0       | 0            |
+----------------+--------+--------------+---------+--------------+

Summary - Layer
+---------+-------------------+-------------------------+-------------------+------------------+--------------------+---------------------------+---------------------------+--------------------------+
| Layer   | Net - Wire Length | Net - Wire Length Ratio | Net - Wire Number | Net - Via Number | Net - Patch Number | Special Net - Wire Length | Special Net - Wire Number | Special Net - Via Number |
+---------+-------------------+-------------------------+-------------------+------------------+--------------------+---------------------------+---------------------------+--------------------------+
| OVERLAP | 0                 | 0                       | 0                 | 0                | 0                  | 0                         | 0                         | 0                        |
| ACT     | 0                 | 0                       | 0                 | 0                | 0                  | 0                         | 0                         | 0                        |
| NP      | 0                 | 0                       | 0                 | 0                | 0                  | 0                         | 0                         | 0                        |
| PP      | 0                 | 0                       | 0                 | 0                | 0                  | 0                         | 0                         | 0                        |
| NW1     | 0                 | 0                       | 0                 | 0                | 0                  | 0                         | 0                         | 0                        |
| POLY    | 0                 | 0                       | 0                 | 0                | 0                  | 0                         | 0                         | 0                        |
| CT      | 0                 | 0                       | 0                 | 0                | 0                  | 0                         | 0                         | 0                        |
| MET1    | 400               | 7.95502e-05             | 1                 | 0                | 0                  | 0                         | 0                         | 0                        |
| VIA1    | 0                 | 0                       | 0                 | 2                | 0                  | 0                         | 0                         | 0                        |
| MET2    | 982802            | 0.195455                | 1323              | 0                | 1                  | 0                         | 0                         | 0                        |
| VIA2    | 0                 | 0                       | 0                 | 1088             | 0                  | 0                         | 0                         | 0                        |
| MET3    | 2116788           | 0.420977                | 1457              | 0                | 190                | 0                         | 0                         | 0                        |
| VIA3    | 0                 | 0                       | 0                 | 603              | 0                  | 0                         | 0                         | 0                        |
| MET4    | 1596757           | 0.317556                | 489               | 0                | 18                 | 260400                    | 6                         | 0                        |
| VIA4    | 0                 | 0                       | 0                 | 78               | 0                  | 0                         | 0                         | 18                       |
| MET5    | 331525            | 0.0659322               | 48                | 0                | 0                  | 266400                    | 6                         | 0                        |
| T4V2    | 0                 | 0                       | 0                 | 0                | 0                  | 0                         | 0                         | 0                        |
| T4M2    | 0                 | 0                       | 0                 | 0                | 0                  | 0                         | 0                         | 0                        |
| RV      | 0                 | 0                       | 0                 | 0                | 0                  | 0                         | 0                         | 0                        |
| RDL     | 0                 | 0                       | 0                 | 0                | 0                  | 0                         | 0                         | 0                        |
+---------+-------------------+-------------------------+-------------------+------------------+--------------------+---------------------------+---------------------------+--------------------------+

Summary - Pin Distribution
+------------+------------+-----------+-----------------+----------------+
| Pin Number | Net Number | Net Ratio | Instance Number | Instance Ratio |
+------------+------------+-----------+-----------------+----------------+
| 0          | 0          | 0.000000  | 665             | 0.669014       |
| 1          | 0          | 0.000000  | 0               | 0.000000       |
| 2          | 216        | 0.591781  | 34              | 0.034205       |
| 3          | 53         | 0.145205  | 134             | 0.134809       |
| 4          | 20         | 0.054795  | 82              | 0.082495       |
| 5          | 22         | 0.060274  | 76              | 0.076459       |
| 6          | 17         | 0.046575  | 3               | 0.003018       |
| 7          | 12         | 0.032877  | 0               | 0.000000       |
| 8          | 10         | 0.027397  | 0               | 0.000000       |
| 9          | 2          | 0.005479  | 0               | 0.000000       |
| 10         | 2          | 0.005479  | 0               | 0.000000       |
| 11         | 6          | 0.016438  | 0               | 0.000000       |
| 12         | 0          | 0.000000  | 0               | 0.000000       |
| 13         | 0          | 0.000000  | 0               | 0.000000       |
| 14         | 0          | 0.000000  | 0               | 0.000000       |
| 15         | 0          | 0.000000  | 0               | 0.000000       |
| 16         | 0          | 0.000000  | 0               | 0.000000       |
| 17         | 1          | 0.002740  | 0               | 0.000000       |
| 18         | 0          | 0.000000  | 0               | 0.000000       |
| 19         | 1          | 0.002740  | 0               | 0.000000       |
| 20         | 0          | 0.000000  | 0               | 0.000000       |
| 21         | 3          | 0.008219  | 0               | 0.000000       |
| 22         | 0          | 0.000000  | 0               | 0.000000       |
| 23         | 0          | 0.000000  | 0               | 0.000000       |
| 24         | 0          | 0.000000  | 0               | 0.000000       |
| 25         | 0          | 0.000000  | 0               | 0.000000       |
| 26         | 0          | 0.000000  | 0               | 0.000000       |
| 27         | 0          | 0.000000  | 0               | 0.000000       |
| 28         | 0          | 0.000000  | 0               | 0.000000       |
| 29         | 0          | 0.000000  | 0               | 0.000000       |
| 30         | 0          | 0.000000  | 0               | 0.000000       |
| 31         | 0          | 0.000000  | 0               | 0.000000       |
| 32         | 0          | 0.000000  | 0               | 0.000000       |
| >= 32      | 0          | 0.000000  | 0               | 0.000000       |
+------------+------------+-----------+-----------------+----------------+

