###################################################################
Time : 2026-01-08T17:47:22
###################################################################
+-----------------+-----------------+
| iEDA            | V23.03-OS-01    |
+-----------------+-----------------+
| Stage           | iPL - Placement |
| Runtime         | 6.430149 s      |
| Memmory         | 503.864000 MB   |
|                 |                 |
| Design Name     | gcd             |
| DEF&LEF Version | 5.8             |
| DBU             | 1000            |
+-----------------+-----------------+

###################################################################
Summary
+------------------------+-------------------------------------+
| Module                 | Value                               |
+------------------------+-------------------------------------+
| DIE Area ( um^2 )      | 4155.220521 = 64.461000 * 64.461000 |
| DIE Usage              | 0.192288                            |
| CORE Area ( um^2 )     | 1926.960000 = 44.400000 * 43.400000 |
| CORE Usage             | 0.414643                            |
|                        |                                     |
| Number - Site          | 3                                   |
| Number - Row           | 31                                  |
| Number - Track         | 14                                  |
| Number - Layer         | 20                                  |
| Number - Routing Layer | 7                                   |
| Number - Cut Layer     | 7                                   |
| Number - GCell Grid    | 6                                   |
| Number - Cell Master   | 1570                                |
| Number - Via Rule      | 45                                  |
|                        |                                     |
| Number - IO Pin        | 58                                  |
| Number - Instance      | 621                                 |
| Number - Blockage      | 0                                   |
| Number - Filler        | 0                                   |
| Number - Net           | 363                                 |
| Number - Special Net   | 4                                   |
+------------------------+-------------------------------------+

Summary - Instance
+---------------+--------+--------------+--------+------------+
| Type          | Number | Number Ratio | Area   | Area Ratio |
+---------------+--------+--------------+--------+------------+
| All Instances | 621    | 1            | 963.76 | 1          |
|               |        |              |        |            |
| Netlist       | 327    | 0.52657      | 799.12 | 0.829169   |
| Physical      | 294    | 0.47343      | 164.64 | 0.170831   |
| Timing        | 0      | 0            | 0      | 0          |
|               |        |              |        |            |
| Core          | 621    | 1            | 963.76 | 1          |
| Core - logic  | 327    | 0.52657      | 799.12 | 0.829169   |
| Pad           | 0      | 0            | 0      | 0          |
| Block         | 0      | 0            | 0      | 0          |
| Endcap        | 0      | 0            | 0      | 0          |
| Cover         | 0      | 0            | 0      | 0          |
| Ring          | 0      | 0            | 0      | 0          |
+---------------+--------+--------------+--------+------------+

Summary - Net
+----------------+--------+--------------+--------+--------------+
| Net Type       | Number | Number Ratio | Length | Length Ratio |
+----------------+--------+--------------+--------+--------------+
| All Nets       | 363    | 1            | 0      | 0            |
| Signal         | 362    | 0.997245     | 0      | 0            |
| Clock          | 1      | 0.00275482   | 0      | 0            |
| Power & Ground | 0      | 0            | 0      | 0            |
+----------------+--------+--------------+--------+--------------+

Summary - Layer
+---------+-------------------+-------------------------+-------------------+------------------+--------------------+---------------------------+---------------------------+--------------------------+
| Layer   | Net - Wire Length | Net - Wire Length Ratio | Net - Wire Number | Net - Via Number | Net - Patch Number | Special Net - Wire Length | Special Net - Wire Number | Special Net - Via Number |
+---------+-------------------+-------------------------+-------------------+------------------+--------------------+---------------------------+---------------------------+--------------------------+
| OVERLAP | 0                 | -nan                    | 0                 | 0                | 0                  | 0                         | 0                         | 0                        |
| ACT     | 0                 | -nan                    | 0                 | 0                | 0                  | 0                         | 0                         | 0                        |
| NP      | 0                 | -nan                    | 0                 | 0                | 0                  | 0                         | 0                         | 0                        |
| PP      | 0                 | -nan                    | 0                 | 0                | 0                  | 0                         | 0                         | 0                        |
| NW1     | 0                 | -nan                    | 0                 | 0                | 0                  | 0                         | 0                         | 0                        |
| POLY    | 0                 | -nan                    | 0                 | 0                | 0                  | 0                         | 0                         | 0                        |
| CT      | 0                 | -nan                    | 0                 | 0                | 0                  | 0                         | 0                         | 0                        |
| MET1    | 0                 | -nan                    | 0                 | 0                | 0                  | 0                         | 0                         | 0                        |
| VIA1    | 0                 | -nan                    | 0                 | 0                | 0                  | 0                         | 0                         | 0                        |
| MET2    | 0                 | -nan                    | 0                 | 0                | 0                  | 0                         | 0                         | 0                        |
| VIA2    | 0                 | -nan                    | 0                 | 0                | 0                  | 0                         | 0                         | 0                        |
| MET3    | 0                 | -nan                    | 0                 | 0                | 0                  | 0                         | 0                         | 0                        |
| VIA3    | 0                 | -nan                    | 0                 | 0                | 0                  | 0                         | 0                         | 0                        |
| MET4    | 0                 | -nan                    | 0                 | 0                | 0                  | 260400                    | 6                         | 0                        |
| VIA4    | 0                 | -nan                    | 0                 | 0                | 0                  | 0                         | 0                         | 18                       |
| MET5    | 0                 | -nan                    | 0                 | 0                | 0                  | 266400                    | 6                         | 0                        |
| T4V2    | 0                 | -nan                    | 0                 | 0                | 0                  | 0                         | 0                         | 0                        |
| T4M2    | 0                 | -nan                    | 0                 | 0                | 0                  | 0                         | 0                         | 0                        |
| RV      | 0                 | -nan                    | 0                 | 0                | 0                  | 0                         | 0                         | 0                        |
| RDL     | 0                 | -nan                    | 0                 | 0                | 0                  | 0                         | 0                         | 0                        |
+---------+-------------------+-------------------------+-------------------+------------------+--------------------+---------------------------+---------------------------+--------------------------+

Summary - Pin Distribution
+------------+------------+-----------+-----------------+----------------+
| Pin Number | Net Number | Net Ratio | Instance Number | Instance Ratio |
+------------+------------+-----------+-----------------+----------------+
| 0          | 0          | 0.000000  | 294             | 0.473430       |
| 1          | 0          | 0.000000  | 0               | 0.000000       |
| 2          | 216        | 0.595041  | 32              | 0.051530       |
| 3          | 52         | 0.143251  | 134             | 0.215781       |
| 4          | 20         | 0.055096  | 82              | 0.132045       |
| 5          | 22         | 0.060606  | 76              | 0.122383       |
| 6          | 17         | 0.046832  | 3               | 0.004831       |
| 7          | 12         | 0.033058  | 0               | 0.000000       |
| 8          | 10         | 0.027548  | 0               | 0.000000       |
| 9          | 2          | 0.005510  | 0               | 0.000000       |
| 10         | 2          | 0.005510  | 0               | 0.000000       |
| 11         | 6          | 0.016529  | 0               | 0.000000       |
| 12         | 0          | 0.000000  | 0               | 0.000000       |
| 13         | 0          | 0.000000  | 0               | 0.000000       |
| 14         | 0          | 0.000000  | 0               | 0.000000       |
| 15         | 0          | 0.000000  | 0               | 0.000000       |
| 16         | 0          | 0.000000  | 0               | 0.000000       |
| 17         | 0          | 0.000000  | 0               | 0.000000       |
| 18         | 0          | 0.000000  | 0               | 0.000000       |
| 19         | 0          | 0.000000  | 0               | 0.000000       |
| 20         | 0          | 0.000000  | 0               | 0.000000       |
| 21         | 3          | 0.008264  | 0               | 0.000000       |
| 22         | 0          | 0.000000  | 0               | 0.000000       |
| 23         | 0          | 0.000000  | 0               | 0.000000       |
| 24         | 0          | 0.000000  | 0               | 0.000000       |
| 25         | 0          | 0.000000  | 0               | 0.000000       |
| 26         | 0          | 0.000000  | 0               | 0.000000       |
| 27         | 0          | 0.000000  | 0               | 0.000000       |
| 28         | 0          | 0.000000  | 0               | 0.000000       |
| 29         | 0          | 0.000000  | 0               | 0.000000       |
| 30         | 0          | 0.000000  | 0               | 0.000000       |
| 31         | 0          | 0.000000  | 0               | 0.000000       |
| 32         | 0          | 0.000000  | 0               | 0.000000       |
| >= 32      | 1          | 0.002755  | 0               | 0.000000       |
+------------+------------+-----------+-----------------+----------------+

